// Jest Snapshot v1, https://goo.gl/fbAQLP

exports[`Rockets renders Rockets Page without crashing 1`] = `undefined`;
